/Users/sucharith/Library/Python/3.9/lib/python/site-packages/urllib3/__init__.py:35: NotOpenSSLWarning: urllib3 v2 only supports OpenSSL 1.1.1+, currently the 'ssl' module is compiled with 'LibreSSL 2.8.3'. See: https://github.com/urllib3/urllib3/issues/3020
  warnings.warn(
Starting 48143 URLs -> production_run/output/full_validated.csv, production_run/output/full_unresolved.csv
[progress] 25/48143 (0.1%) validated=19 unresolved=6 rate=166.8/min eta=17304s
[progress] 36/48143 (0.1%) validated=27 unresolved=9 rate=80.7/min eta=35769s
[progress] 48/48143 (0.1%) validated=36 unresolved=12 rate=77.7/min eta=37137s
[progress] 50/48143 (0.1%) validated=36 unresolved=14 rate=73.2/min eta=39442s
[progress] 55/48143 (0.1%) validated=40 unresolved=15 rate=64.2/min eta=44950s
[progress] 61/48143 (0.1%) validated=46 unresolved=15 rate=58.0/min eta=49748s
[progress] 67/48143 (0.1%) validated=52 unresolved=15 rate=53.5/min eta=53884s
[progress] 71/48143 (0.1%) validated=56 unresolved=15 rate=49.8/min eta=57908s
[progress] 75/48143 (0.2%) validated=60 unresolved=15 rate=49.4/min eta=58358s
[progress] 81/48143 (0.2%) validated=65 unresolved=16 rate=46.8/min eta=61606s
[progress] 87/48143 (0.2%) validated=69 unresolved=18 rate=45.4/min eta=63516s
[progress] 91/48143 (0.2%) validated=72 unresolved=19 rate=42.8/min eta=67349s
[progress] 98/48143 (0.2%) validated=78 unresolved=20 rate=42.7/min eta=67442s
[progress] 100/48143 (0.2%) validated=79 unresolved=21 rate=42.6/min eta=67733s
[progress] 104/48143 (0.2%) validated=83 unresolved=21 rate=41.3/min eta=69773s
[progress] 110/48143 (0.2%) validated=89 unresolved=21 rate=41.0/min eta=70345s
[progress] 116/48143 (0.2%) validated=95 unresolved=21 rate=40.2/min eta=71644s
[progress] 121/48143 (0.3%) validated=100 unresolved=21 rate=39.4/min eta=73076s
[progress] 125/48143 (0.3%) validated=103 unresolved=22 rate=39.2/min eta=73407s
[progress] 131/48143 (0.3%) validated=108 unresolved=23 rate=38.7/min eta=74428s
[progress] 137/48143 (0.3%) validated=112 unresolved=25 rate=38.2/min eta=75347s
[progress] 141/48143 (0.3%) validated=114 unresolved=27 rate=37.6/min eta=76620s
[progress] 148/48143 (0.3%) validated=120 unresolved=28 rate=37.5/min eta=76849s
[progress] 150/48143 (0.3%) validated=122 unresolved=28 rate=37.1/min eta=77636s
[progress] 156/48143 (0.3%) validated=128 unresolved=28 rate=37.0/min eta=77848s
[progress] 159/48143 (0.3%) validated=130 unresolved=29 rate=36.3/min eta=79412s
[progress] 167/48143 (0.3%) validated=134 unresolved=33 rate=36.4/min eta=79107s
[progress] 172/48143 (0.4%) validated=138 unresolved=34 rate=36.1/min eta=79773s
[progress] 175/48143 (0.4%) validated=141 unresolved=34 rate=36.1/min eta=79782s
[progress] 181/48143 (0.4%) validated=144 unresolved=37 rate=35.8/min eta=80285s
[progress] 186/48143 (0.4%) validated=148 unresolved=38 rate=35.6/min eta=80717s
[progress] 190/48143 (0.4%) validated=152 unresolved=38 rate=35.0/min eta=82115s
[progress] 198/48143 (0.4%) validated=160 unresolved=38 rate=35.2/min eta=81629s
[progress] 200/48143 (0.4%) validated=161 unresolved=39 rate=35.0/min eta=82093s
[progress] 206/48143 (0.4%) validated=167 unresolved=39 rate=35.0/min eta=82169s
[progress] 211/48143 (0.4%) validated=171 unresolved=40 rate=34.7/min eta=82776s
[progress] 217/48143 (0.5%) validated=175 unresolved=42 rate=34.7/min eta=82848s
[progress] 223/48143 (0.5%) validated=181 unresolved=42 rate=34.6/min eta=83182s
[progress] 225/48143 (0.5%) validated=183 unresolved=42 rate=34.5/min eta=83289s
[progress] 231/48143 (0.5%) validated=186 unresolved=45 rate=34.3/min eta=83718s
[progress] 237/48143 (0.5%) validated=192 unresolved=45 rate=34.3/min eta=83901s
[progress] 241/48143 (0.5%) validated=196 unresolved=45 rate=34.0/min eta=84603s
[progress] 248/48143 (0.5%) validated=203 unresolved=45 rate=34.0/min eta=84492s
[progress] 250/48143 (0.5%) validated=205 unresolved=45 rate=34.0/min eta=84506s
[progress] 255/48143 (0.5%) validated=209 unresolved=46 rate=33.9/min eta=84811s
[progress] 261/48143 (0.5%) validated=215 unresolved=46 rate=33.8/min eta=84950s
[progress] 266/48143 (0.6%) validated=220 unresolved=46 rate=33.7/min eta=85148s
[progress] 272/48143 (0.6%) validated=225 unresolved=47 rate=33.6/min eta=85509s
[progress] 275/48143 (0.6%) validated=227 unresolved=48 rate=33.6/min eta=85475s
[progress] 280/48143 (0.6%) validated=232 unresolved=48 rate=33.5/min eta=85670s
[progress] 285/48143 (0.6%) validated=237 unresolved=48 rate=33.3/min eta=86164s
[progress] 290/48143 (0.6%) validated=241 unresolved=49 rate=33.3/min eta=86348s
[progress] 297/48143 (0.6%) validated=248 unresolved=49 rate=33.3/min eta=86200s
[progress] 300/48143 (0.6%) validated=251 unresolved=49 rate=33.3/min eta=86286s
[progress] 304/48143 (0.6%) validated=255 unresolved=49 rate=33.1/min eta=86843s
[progress] 310/48143 (0.6%) validated=261 unresolved=49 rate=33.0/min eta=87025s
[progress] 317/48143 (0.7%) validated=268 unresolved=49 rate=32.9/min eta=87160s
[progress] 324/48143 (0.7%) validated=274 unresolved=50 rate=33.0/min eta=86940s
[progress] 325/48143 (0.7%) validated=274 unresolved=51 rate=32.8/min eta=87584s
[progress] 332/48143 (0.7%) validated=276 unresolved=56 rate=32.8/min eta=87471s
[progress] 339/48143 (0.7%) validated=279 unresolved=60 rate=32.9/min eta=87297s
[progress] 344/48143 (0.7%) validated=279 unresolved=65 rate=32.7/min eta=87654s
[progress] 350/48143 (0.7%) validated=281 unresolved=69 rate=32.8/min eta=87529s
[progress] 355/48143 (0.7%) validated=282 unresolved=73 rate=32.6/min eta=87879s
[progress] 360/48143 (0.7%) validated=286 unresolved=74 rate=32.6/min eta=87983s
[progress] 366/48143 (0.8%) validated=290 unresolved=76 rate=32.6/min eta=87864s
[progress] 372/48143 (0.8%) validated=292 unresolved=80 rate=32.6/min eta=87945s
[progress] 375/48143 (0.8%) validated=292 unresolved=83 rate=32.6/min eta=87997s
[progress] 380/48143 (0.8%) validated=294 unresolved=86 rate=32.5/min eta=88098s
[progress] 384/48143 (0.8%) validated=294 unresolved=90 rate=32.4/min eta=88428s
[progress] 391/48143 (0.8%) validated=295 unresolved=96 rate=32.4/min eta=88295s
[progress] 396/48143 (0.8%) validated=298 unresolved=98 rate=32.4/min eta=88427s
[progress] 400/48143 (0.8%) validated=299 unresolved=101 rate=32.4/min eta=88443s
[progress] 405/48143 (0.8%) validated=301 unresolved=104 rate=32.3/min eta=88773s
[progress] 412/48143 (0.9%) validated=304 unresolved=108 rate=32.3/min eta=88627s
[progress] 418/48143 (0.9%) validated=304 unresolved=114 rate=32.3/min eta=88712s
[progress] 423/48143 (0.9%) validated=304 unresolved=119 rate=32.2/min eta=88787s
[progress] 425/48143 (0.9%) validated=305 unresolved=120 rate=32.2/min eta=88858s
[progress] 431/48143 (0.9%) validated=308 unresolved=123 rate=32.2/min eta=88893s
[progress] 436/48143 (0.9%) validated=308 unresolved=128 rate=32.2/min eta=88961s
[progress] 441/48143 (0.9%) validated=310 unresolved=131 rate=32.1/min eta=89124s
[progress] 447/48143 (0.9%) validated=312 unresolved=135 rate=32.1/min eta=89099s
[progress] 450/48143 (0.9%) validated=312 unresolved=138 rate=32.1/min eta=89135s
[progress] 453/48143 (0.9%) validated=313 unresolved=140 rate=31.9/min eta=89667s
[progress] 461/48143 (1.0%) validated=316 unresolved=145 rate=32.0/min eta=89268s
[progress] 465/48143 (1.0%) validated=317 unresolved=148 rate=31.9/min eta=89542s
[progress] 472/48143 (1.0%) validated=323 unresolved=149 rate=31.9/min eta=89575s
[progress] 475/48143 (1.0%) validated=324 unresolved=151 rate=32.0/min eta=89396s
[progress] 480/48143 (1.0%) validated=325 unresolved=155 rate=32.0/min eta=89450s
[progress] 485/48143 (1.0%) validated=326 unresolved=159 rate=31.9/min eta=89502s
[progress] 489/48143 (1.0%) validated=327 unresolved=162 rate=31.9/min eta=89740s
[progress] 496/48143 (1.0%) validated=331 unresolved=165 rate=31.9/min eta=89618s
[progress] 500/48143 (1.0%) validated=331 unresolved=169 rate=31.9/min eta=89648s
[progress] 505/48143 (1.0%) validated=332 unresolved=173 rate=31.8/min eta=89748s
[progress] 511/48143 (1.1%) validated=336 unresolved=175 rate=31.8/min eta=89747s
[progress] 516/48143 (1.1%) validated=339 unresolved=177 rate=31.8/min eta=89792s
[progress] 521/48143 (1.1%) validated=341 unresolved=180 rate=31.8/min eta=89971s
[progress] 525/48143 (1.1%) validated=342 unresolved=183 rate=31.8/min eta=89870s
[progress] 530/48143 (1.1%) validated=345 unresolved=185 rate=31.8/min eta=89915s
[progress] 536/48143 (1.1%) validated=346 unresolved=190 rate=31.8/min eta=89959s
[progress] 541/48143 (1.1%) validated=346 unresolved=195 rate=31.6/min eta=90279s
[progress] 548/48143 (1.1%) validated=348 unresolved=200 rate=31.7/min eta=90067s
[progress] 550/48143 (1.1%) validated=349 unresolved=201 rate=31.7/min eta=90079s
[progress] 555/48143 (1.2%) validated=349 unresolved=206 rate=31.7/min eta=90117s
[progress] 560/48143 (1.2%) validated=351 unresolved=209 rate=31.7/min eta=90195s
[progress] 565/48143 (1.2%) validated=353 unresolved=212 rate=31.5/min eta=90654s
[progress] 573/48143 (1.2%) validated=357 unresolved=216 rate=31.6/min eta=90434s
[progress] 575/48143 (1.2%) validated=357 unresolved=218 rate=31.6/min eta=90406s
[progress] 579/48143 (1.2%) validated=358 unresolved=221 rate=31.5/min eta=90595s
[progress] 586/48143 (1.2%) validated=360 unresolved=226 rate=31.6/min eta=90327s
[progress] 592/48143 (1.2%) validated=362 unresolved=230 rate=31.6/min eta=90362s
[progress] 597/48143 (1.2%) validated=364 unresolved=233 rate=31.5/min eta=90424s
[progress] 600/48143 (1.2%) validated=365 unresolved=235 rate=31.5/min eta=90569s
[progress] 606/48143 (1.3%) validated=366 unresolved=240 rate=31.5/min eta=90446s
[progress] 612/48143 (1.3%) validated=367 unresolved=245 rate=31.5/min eta=90511s
[progress] 618/48143 (1.3%) validated=372 unresolved=246 rate=31.5/min eta=90516s
[progress] 624/48143 (1.3%) validated=374 unresolved=250 rate=31.5/min eta=90576s
[progress] 625/48143 (1.3%) validated=374 unresolved=251 rate=31.5/min eta=90550s
[progress] 631/48143 (1.3%) validated=376 unresolved=255 rate=31.5/min eta=90581s
[progress] 636/48143 (1.3%) validated=378 unresolved=258 rate=31.5/min eta=90608s
[progress] 642/48143 (1.3%) validated=380 unresolved=262 rate=31.4/min eta=90640s
[progress] 648/48143 (1.3%) validated=382 unresolved=266 rate=31.4/min eta=90666s
[progress] 650/48143 (1.4%) validated=382 unresolved=268 rate=31.4/min eta=90675s
[progress] 656/48143 (1.4%) validated=384 unresolved=272 rate=31.4/min eta=90755s
[progress] 662/48143 (1.4%) validated=388 unresolved=274 rate=31.4/min eta=90730s
[progress] 667/48143 (1.4%) validated=389 unresolved=278 rate=31.4/min eta=90755s
[progress] 673/48143 (1.4%) validated=391 unresolved=282 rate=31.4/min eta=90808s
[progress] 675/48143 (1.4%) validated=391 unresolved=284 rate=31.4/min eta=90786s
[progress] 681/48143 (1.4%) validated=393 unresolved=288 rate=31.4/min eta=90817s
[progress] 687/48143 (1.4%) validated=394 unresolved=293 rate=31.3/min eta=90835s
[progress] 692/48143 (1.4%) validated=395 unresolved=297 rate=31.3/min eta=90898s
[progress] 698/48143 (1.4%) validated=396 unresolved=302 rate=31.3/min eta=90878s
[progress] 700/48143 (1.5%) validated=397 unresolved=303 rate=31.3/min eta=90887s
[progress] 706/48143 (1.5%) validated=400 unresolved=306 rate=31.3/min eta=91004s
[progress] 711/48143 (1.5%) validated=400 unresolved=311 rate=31.2/min eta=91072s
[progress] 718/48143 (1.5%) validated=404 unresolved=314 rate=31.3/min eta=90957s
[progress] 723/48143 (1.5%) validated=405 unresolved=318 rate=31.2/min eta=91101s
[progress] 725/48143 (1.5%) validated=406 unresolved=319 rate=31.3/min eta=90977s
[progress] 730/48143 (1.5%) validated=409 unresolved=321 rate=31.3/min eta=90999s
[progress] 735/48143 (1.5%) validated=410 unresolved=325 rate=31.2/min eta=91048s
[progress] 741/48143 (1.5%) validated=410 unresolved=331 rate=31.2/min eta=91064s
[progress] 747/48143 (1.6%) validated=412 unresolved=335 rate=31.2/min eta=91048s
[progress] 750/48143 (1.6%) validated=413 unresolved=337 rate=31.2/min eta=91059s
[progress] 755/48143 (1.6%) validated=414 unresolved=341 rate=31.2/min eta=91127s
[progress] 761/48143 (1.6%) validated=418 unresolved=343 rate=31.2/min eta=91094s
[progress] 767/48143 (1.6%) validated=421 unresolved=346 rate=31.2/min eta=91111s
[progress] 772/48143 (1.6%) validated=423 unresolved=349 rate=31.2/min eta=91179s
[progress] 775/48143 (1.6%) validated=423 unresolved=352 rate=31.2/min eta=91128s
[progress] 780/48143 (1.6%) validated=428 unresolved=352 rate=31.2/min eta=91147s
[progress] 786/48143 (1.6%) validated=429 unresolved=357 rate=31.2/min eta=91158s
[progress] 791/48143 (1.6%) validated=430 unresolved=361 rate=31.2/min eta=91171s
[progress] 796/48143 (1.7%) validated=432 unresolved=364 rate=31.2/min eta=91185s
[progress] 800/48143 (1.7%) validated=433 unresolved=367 rate=31.1/min eta=91297s
[progress] 806/48143 (1.7%) validated=434 unresolved=372 rate=31.1/min eta=91209s
[progress] 811/48143 (1.7%) validated=434 unresolved=377 rate=31.1/min eta=91263s
[progress] 817/48143 (1.7%) validated=435 unresolved=382 rate=31.1/min eta=91232s
[progress] 822/48143 (1.7%) validated=437 unresolved=385 rate=31.1/min eta=91268s
[progress] 825/48143 (1.7%) validated=437 unresolved=388 rate=31.1/min eta=91251s
[progress] 831/48143 (1.7%) validated=438 unresolved=393 rate=31.1/min eta=91296s
[progress] 837/48143 (1.7%) validated=442 unresolved=395 rate=31.1/min eta=91280s
[progress] 843/48143 (1.8%) validated=443 unresolved=400 rate=31.0/min eta=91418s
[progress] 848/48143 (1.8%) validated=445 unresolved=403 rate=31.0/min eta=91432s
[progress] 850/48143 (1.8%) validated=446 unresolved=404 rate=31.0/min eta=91437s
[progress] 857/48143 (1.8%) validated=449 unresolved=408 rate=31.1/min eta=91315s
[progress] 862/48143 (1.8%) validated=451 unresolved=411 rate=31.1/min eta=91325s
[progress] 867/48143 (1.8%) validated=453 unresolved=414 rate=31.1/min eta=91353s
[progress] 873/48143 (1.8%) validated=455 unresolved=418 rate=31.0/min eta=91344s
[progress] 875/48143 (1.8%) validated=455 unresolved=420 rate=31.0/min eta=91348s
[progress] 880/48143 (1.8%) validated=456 unresolved=424 rate=31.0/min eta=91359s
[progress] 886/48143 (1.8%) validated=458 unresolved=428 rate=31.0/min eta=91366s
[progress] 891/48143 (1.9%) validated=460 unresolved=431 rate=31.0/min eta=91396s
[progress] 897/48143 (1.9%) validated=462 unresolved=435 rate=31.0/min eta=91467s
[progress] 900/48143 (1.9%) validated=463 unresolved=437 rate=31.0/min eta=91408s
[progress] 906/48143 (1.9%) validated=466 unresolved=440 rate=31.0/min eta=91401s
[progress] 911/48143 (1.9%) validated=469 unresolved=442 rate=31.0/min eta=91529s
[progress] 918/48143 (1.9%) validated=473 unresolved=445 rate=31.0/min eta=91414s
[progress] 923/48143 (1.9%) validated=475 unresolved=448 rate=31.0/min eta=91422s
[progress] 925/48143 (1.9%) validated=475 unresolved=450 rate=31.0/min eta=91464s
[progress] 931/48143 (1.9%) validated=478 unresolved=453 rate=31.0/min eta=91434s
[progress] 937/48143 (1.9%) validated=480 unresolved=457 rate=31.0/min eta=91457s
[progress] 943/48143 (2.0%) validated=483 unresolved=460 rate=30.9/min eta=91513s
[progress] 949/48143 (2.0%) validated=488 unresolved=461 rate=31.0/min eta=91456s
[progress] 950/48143 (2.0%) validated=488 unresolved=462 rate=31.0/min eta=91461s
[progress] 956/48143 (2.0%) validated=489 unresolved=467 rate=31.0/min eta=91462s
[progress] 961/48143 (2.0%) validated=492 unresolved=469 rate=30.9/min eta=91470s
[progress] 966/48143 (2.0%) validated=495 unresolved=471 rate=30.9/min eta=91478s
[progress] 972/48143 (2.0%) validated=499 unresolved=473 rate=30.9/min eta=91478s
[progress] 975/48143 (2.0%) validated=501 unresolved=474 rate=30.9/min eta=91500s
[progress] 980/48143 (2.0%) validated=503 unresolved=477 rate=30.9/min eta=91506s
[progress] 985/48143 (2.0%) validated=506 unresolved=479 rate=30.9/min eta=91525s
[progress] 991/48143 (2.1%) validated=508 unresolved=483 rate=30.9/min eta=91496s
[progress] 996/48143 (2.1%) validated=509 unresolved=487 rate=30.9/min eta=91501s
[progress] 1000/48143 (2.1%) validated=511 unresolved=489 rate=30.9/min eta=91561s
[progress] 1006/48143 (2.1%) validated=514 unresolved=492 rate=30.9/min eta=91528s
[progress] 1012/48143 (2.1%) validated=517 unresolved=495 rate=30.9/min eta=91514s
[progress] 1017/48143 (2.1%) validated=520 unresolved=497 rate=30.9/min eta=91534s
[progress] 1023/48143 (2.1%) validated=524 unresolved=499 rate=30.9/min eta=91540s
[progress] 1025/48143 (2.1%) validated=525 unresolved=500 rate=30.9/min eta=91623s
[progress] 1032/48143 (2.1%) validated=530 unresolved=502 rate=30.9/min eta=91528s
[progress] 1037/48143 (2.2%) validated=535 unresolved=502 rate=30.9/min eta=91536s
[progress] 1042/48143 (2.2%) validated=537 unresolved=505 rate=30.9/min eta=91554s
[progress] 1048/48143 (2.2%) validated=540 unresolved=508 rate=30.9/min eta=91560s
[progress] 1050/48143 (2.2%) validated=540 unresolved=510 rate=30.9/min eta=91539s
[progress] 1056/48143 (2.2%) validated=542 unresolved=514 rate=30.9/min eta=91567s
[progress] 1062/48143 (2.2%) validated=545 unresolved=517 rate=30.9/min eta=91546s
[progress] 1068/48143 (2.2%) validated=549 unresolved=519 rate=30.9/min eta=91549s
[progress] 1072/48143 (2.2%) validated=549 unresolved=523 rate=30.8/min eta=91675s
[progress] 1075/48143 (2.2%) validated=549 unresolved=526 rate=30.8/min eta=91638s
[progress] 1080/48143 (2.2%) validated=553 unresolved=527 rate=30.8/min eta=91657s
[progress] 1087/48143 (2.3%) validated=557 unresolved=530 rate=30.8/min eta=91571s
[progress] 1092/48143 (2.3%) validated=559 unresolved=533 rate=30.8/min eta=91627s
[progress] 1098/48143 (2.3%) validated=559 unresolved=539 rate=30.8/min eta=91563s
[progress] 1100/48143 (2.3%) validated=561 unresolved=539 rate=30.8/min eta=91565s
[progress] 1106/48143 (2.3%) validated=563 unresolved=543 rate=30.8/min eta=91564s
[progress] 1111/48143 (2.3%) validated=565 unresolved=546 rate=30.8/min eta=91566s
[progress] 1116/48143 (2.3%) validated=567 unresolved=549 rate=30.8/min eta=91568s
[progress] 1121/48143 (2.3%) validated=568 unresolved=553 rate=30.8/min eta=91606s
[progress] 1125/48143 (2.3%) validated=569 unresolved=556 rate=30.8/min eta=91570s
[progress] 1130/48143 (2.3%) validated=571 unresolved=559 rate=30.8/min eta=91574s
[progress] 1135/48143 (2.4%) validated=574 unresolved=561 rate=30.8/min eta=91576s
[progress] 1140/48143 (2.4%) validated=574 unresolved=566 rate=30.8/min eta=91594s
[progress] 1146/48143 (2.4%) validated=579 unresolved=567 rate=30.8/min eta=91580s
[progress] 1150/48143 (2.4%) validated=580 unresolved=570 rate=30.8/min eta=91574s
[progress] 1155/48143 (2.4%) validated=580 unresolved=575 rate=30.8/min eta=91576s
[progress] 1161/48143 (2.4%) validated=581 unresolved=580 rate=30.8/min eta=91569s
[progress] 1166/48143 (2.4%) validated=582 unresolved=584 rate=30.8/min eta=91582s
[progress] 1172/48143 (2.4%) validated=585 unresolved=587 rate=30.8/min eta=91584s
[progress] 1175/48143 (2.4%) validated=585 unresolved=590 rate=30.8/min eta=91569s
[progress] 1179/48143 (2.4%) validated=585 unresolved=594 rate=30.7/min eta=91681s
[progress] 1186/48143 (2.5%) validated=588 unresolved=598 rate=30.8/min eta=91571s
[progress] 1191/48143 (2.5%) validated=591 unresolved=600 rate=30.8/min eta=91579s
[progress] 1197/48143 (2.5%) validated=595 unresolved=602 rate=30.8/min eta=91582s
[progress] 1200/48143 (2.5%) validated=598 unresolved=602 rate=30.7/min eta=91611s
[progress] 1206/48143 (2.5%) validated=601 unresolved=605 rate=30.7/min eta=91628s
[progress] 1212/48143 (2.5%) validated=605 unresolved=607 rate=30.8/min eta=91571s
[progress] 1216/48143 (2.5%) validated=606 unresolved=610 rate=30.7/min eta=91670s
[progress] 1223/48143 (2.5%) validated=610 unresolved=613 rate=30.7/min eta=91575s
[progress] 1225/48143 (2.5%) validated=611 unresolved=614 rate=30.7/min eta=91576s
[progress] 1231/48143 (2.6%) validated=612 unresolved=619 rate=30.7/min eta=91574s
[progress] 1236/48143 (2.6%) validated=615 unresolved=621 rate=30.7/min eta=91577s
[progress] 1240/48143 (2.6%) validated=616 unresolved=624 rate=30.7/min eta=91661s
[progress] 1247/48143 (2.6%) validated=616 unresolved=631 rate=30.7/min eta=91573s
[progress] 1250/48143 (2.6%) validated=617 unresolved=633 rate=30.7/min eta=91588s
[progress] 1256/48143 (2.6%) validated=620 unresolved=636 rate=30.7/min eta=91571s
[progress] 1261/48143 (2.6%) validated=622 unresolved=639 rate=30.7/min eta=91583s
[progress] 1267/48143 (2.6%) validated=625 unresolved=642 rate=30.7/min eta=91584s
[progress] 1272/48143 (2.6%) validated=627 unresolved=645 rate=30.7/min eta=91656s
[progress] 1275/48143 (2.6%) validated=628 unresolved=647 rate=30.7/min eta=91567s
[progress] 1281/48143 (2.7%) validated=631 unresolved=650 rate=30.7/min eta=91565s
[progress] 1287/48143 (2.7%) validated=633 unresolved=654 rate=30.7/min eta=91664s
[progress] 1294/48143 (2.7%) validated=635 unresolved=659 rate=30.7/min eta=91563s
[progress] 1300/48143 (2.7%) validated=636 unresolved=664 rate=30.7/min eta=91564s
[progress] 1306/48143 (2.7%) validated=637 unresolved=669 rate=30.7/min eta=91571s
[progress] 1312/48143 (2.7%) validated=638 unresolved=674 rate=30.7/min eta=91556s
[progress] 1317/48143 (2.7%) validated=640 unresolved=677 rate=30.7/min eta=91556s
[progress] 1322/48143 (2.7%) validated=642 unresolved=680 rate=30.7/min eta=91564s
[progress] 1325/48143 (2.8%) validated=644 unresolved=681 rate=30.7/min eta=91553s
[progress] 1331/48143 (2.8%) validated=644 unresolved=687 rate=30.7/min eta=91549s
[progress] 1336/48143 (2.8%) validated=647 unresolved=689 rate=30.7/min eta=91551s
[progress] 1342/48143 (2.8%) validated=651 unresolved=691 rate=30.7/min eta=91543s
[progress] 1347/48143 (2.8%) validated=654 unresolved=693 rate=30.7/min eta=91545s
[progress] 1350/48143 (2.8%) validated=655 unresolved=695 rate=30.7/min eta=91565s
[progress] 1356/48143 (2.8%) validated=655 unresolved=701 rate=30.7/min eta=91537s
[progress] 1361/48143 (2.8%) validated=655 unresolved=706 rate=30.6/min eta=91604s
[progress] 1367/48143 (2.8%) validated=658 unresolved=709 rate=30.7/min eta=91562s
[progress] 1373/48143 (2.9%) validated=660 unresolved=713 rate=30.7/min eta=91529s
[progress] 1375/48143 (2.9%) validated=660 unresolved=715 rate=30.7/min eta=91528s
[progress] 1380/48143 (2.9%) validated=662 unresolved=718 rate=30.7/min eta=91526s
[progress] 1386/48143 (2.9%) validated=663 unresolved=723 rate=30.7/min eta=91523s
[progress] 1390/48143 (2.9%) validated=664 unresolved=726 rate=30.6/min eta=91616s
[progress] 1397/48143 (2.9%) validated=668 unresolved=729 rate=30.6/min eta=91519s
[progress] 1400/48143 (2.9%) validated=669 unresolved=731 rate=30.6/min eta=91530s
[progress] 1405/48143 (2.9%) validated=671 unresolved=734 rate=30.6/min eta=91533s
[progress] 1411/48143 (2.9%) validated=672 unresolved=739 rate=30.6/min eta=91521s
[progress] 1417/48143 (2.9%) validated=675 unresolved=742 rate=30.6/min eta=91506s
[progress] 1422/48143 (3.0%) validated=678 unresolved=744 rate=30.6/min eta=91508s
[progress] 1425/48143 (3.0%) validated=680 unresolved=745 rate=30.6/min eta=91503s
[progress] 1431/48143 (3.0%) validated=681 unresolved=750 rate=30.6/min eta=91503s
[progress] 1437/48143 (3.0%) validated=683 unresolved=754 rate=30.6/min eta=91494s
[progress] 1442/48143 (3.0%) validated=684 unresolved=758 rate=30.6/min eta=91491s
[progress] 1447/48143 (3.0%) validated=687 unresolved=760 rate=30.6/min eta=91491s
[progress] 1450/48143 (3.0%) validated=688 unresolved=762 rate=30.6/min eta=91485s
[progress] 1455/48143 (3.0%) validated=690 unresolved=765 rate=30.6/min eta=91484s
[progress] 1460/48143 (3.0%) validated=692 unresolved=768 rate=30.6/min eta=91493s
[progress] 1466/48143 (3.0%) validated=695 unresolved=771 rate=30.6/min eta=91510s
[progress] 1471/48143 (3.1%) validated=696 unresolved=775 rate=30.6/min eta=91544s
[progress] 1475/48143 (3.1%) validated=698 unresolved=777 rate=30.6/min eta=91469s
[progress] 1481/48143 (3.1%) validated=699 unresolved=782 rate=30.6/min eta=91464s
[progress] 1486/48143 (3.1%) validated=701 unresolved=785 rate=30.6/min eta=91461s
[progress] 1491/48143 (3.1%) validated=704 unresolved=787 rate=30.6/min eta=91491s
[progress] 1497/48143 (3.1%) validated=708 unresolved=789 rate=30.6/min eta=91455s
[progress] 1500/48143 (3.1%) validated=710 unresolved=790 rate=30.6/min eta=91451s
[progress] 1505/48143 (3.1%) validated=712 unresolved=793 rate=30.6/min eta=91459s
[progress] 1511/48143 (3.1%) validated=714 unresolved=797 rate=30.6/min eta=91442s
[progress] 1516/48143 (3.1%) validated=717 unresolved=799 rate=30.6/min eta=91440s
[progress] 1522/48143 (3.2%) validated=719 unresolved=803 rate=30.6/min eta=91435s
[progress] 1525/48143 (3.2%) validated=720 unresolved=805 rate=30.6/min eta=91449s
[progress] 1531/48143 (3.2%) validated=723 unresolved=808 rate=30.6/min eta=91427s
[progress] 1537/48143 (3.2%) validated=726 unresolved=811 rate=30.6/min eta=91434s
[progress] 1542/48143 (3.2%) validated=727 unresolved=815 rate=30.6/min eta=91450s
[progress] 1548/48143 (3.2%) validated=730 unresolved=818 rate=30.6/min eta=91414s
[progress] 1550/48143 (3.2%) validated=731 unresolved=819 rate=30.6/min eta=91412s
[progress] 1555/48143 (3.2%) validated=733 unresolved=822 rate=30.6/min eta=91443s
[progress] 1561/48143 (3.2%) validated=734 unresolved=827 rate=30.6/min eta=91414s
[progress] 1567/48143 (3.3%) validated=735 unresolved=832 rate=30.6/min eta=91411s
[progress] 1573/48143 (3.3%) validated=736 unresolved=837 rate=30.6/min eta=91400s
[progress] 1575/48143 (3.3%) validated=736 unresolved=839 rate=30.6/min eta=91391s
[progress] 1581/48143 (3.3%) validated=737 unresolved=844 rate=30.6/min eta=91389s
[progress] 1586/48143 (3.3%) validated=739 unresolved=847 rate=30.6/min eta=91393s
[progress] 1591/48143 (3.3%) validated=742 unresolved=849 rate=30.5/min eta=91437s
[progress] 1597/48143 (3.3%) validated=747 unresolved=850 rate=30.5/min eta=91432s
[progress] 1600/48143 (3.3%) validated=748 unresolved=852 rate=30.6/min eta=91369s
[progress] 1606/48143 (3.3%) validated=752 unresolved=854 rate=30.6/min eta=91374s
[progress] 1612/48143 (3.3%) validated=754 unresolved=858 rate=30.6/min eta=91358s
[progress] 1618/48143 (3.4%) validated=757 unresolved=861 rate=30.6/min eta=91365s
[progress] 1624/48143 (3.4%) validated=760 unresolved=864 rate=30.6/min eta=91348s
[progress] 1625/48143 (3.4%) validated=761 unresolved=864 rate=30.6/min eta=91357s
[progress] 1630/48143 (3.4%) validated=763 unresolved=867 rate=30.5/min eta=91361s
[progress] 1636/48143 (3.4%) validated=763 unresolved=873 rate=30.5/min eta=91343s
[progress] 1641/48143 (3.4%) validated=763 unresolved=878 rate=30.5/min eta=91403s
[progress] 1648/48143 (3.4%) validated=763 unresolved=885 rate=30.5/min eta=91325s
[progress] 1650/48143 (3.4%) validated=763 unresolved=887 rate=30.5/min eta=91323s
[progress] 1655/48143 (3.4%) validated=765 unresolved=890 rate=30.5/min eta=91321s
[progress] 1661/48143 (3.5%) validated=766 unresolved=895 rate=30.5/min eta=91322s
[progress] 1667/48143 (3.5%) validated=771 unresolved=896 rate=30.5/min eta=91309s
[progress] 1672/48143 (3.5%) validated=773 unresolved=899 rate=30.5/min eta=91395s
[progress] 1675/48143 (3.5%) validated=776 unresolved=899 rate=30.5/min eta=91432s
[progress] 1682/48143 (3.5%) validated=779 unresolved=903 rate=30.5/min eta=91317s
[progress] 1687/48143 (3.5%) validated=783 unresolved=904 rate=30.5/min eta=91333s
[progress] 1693/48143 (3.5%) validated=784 unresolved=909 rate=30.5/min eta=91280s
[progress] 1697/48143 (3.5%) validated=785 unresolved=912 rate=30.5/min eta=91340s
[progress] 1700/48143 (3.5%) validated=786 unresolved=914 rate=30.5/min eta=91323s
[progress] 1706/48143 (3.5%) validated=789 unresolved=917 rate=30.5/min eta=91268s
[progress] 1712/48143 (3.6%) validated=791 unresolved=921 rate=30.5/min eta=91262s
[progress] 1717/48143 (3.6%) validated=792 unresolved=925 rate=30.5/min eta=91268s
[progress] 1723/48143 (3.6%) validated=793 unresolved=930 rate=30.5/min eta=91250s
[progress] 1725/48143 (3.6%) validated=794 unresolved=931 rate=30.5/min eta=91248s
[progress] 1728/48143 (3.6%) validated=795 unresolved=933 rate=30.5/min eta=91366s
[progress] 1736/48143 (3.6%) validated=796 unresolved=940 rate=30.5/min eta=91247s
[progress] 1742/48143 (3.6%) validated=797 unresolved=945 rate=30.5/min eta=91235s
[progress] 1747/48143 (3.6%) validated=800 unresolved=947 rate=30.5/min eta=91248s
[progress] 1750/48143 (3.6%) validated=801 unresolved=949 rate=30.5/min eta=91231s
[progress] 1756/48143 (3.6%) validated=803 unresolved=953 rate=30.5/min eta=91215s
[progress] 1761/48143 (3.7%) validated=805 unresolved=956 rate=30.5/min eta=91211s
[progress] 1765/48143 (3.7%) validated=807 unresolved=958 rate=30.5/min eta=91286s
[progress] 1772/48143 (3.7%) validated=809 unresolved=963 rate=30.5/min eta=91197s
[progress] 1775/48143 (3.7%) validated=810 unresolved=965 rate=30.5/min eta=91204s
[progress] 1781/48143 (3.7%) validated=812 unresolved=969 rate=30.5/min eta=91188s
[progress] 1786/48143 (3.7%) validated=816 unresolved=970 rate=30.5/min eta=91186s
[progress] 1791/48143 (3.7%) validated=817 unresolved=974 rate=30.5/min eta=91188s
[progress] 1797/48143 (3.7%) validated=820 unresolved=977 rate=30.5/min eta=91180s
[progress] 1800/48143 (3.7%) validated=821 unresolved=979 rate=30.5/min eta=91189s
[progress] 1806/48143 (3.8%) validated=824 unresolved=982 rate=30.5/min eta=91210s
[progress] 1812/48143 (3.8%) validated=824 unresolved=988 rate=30.5/min eta=91155s
[progress] 1818/48143 (3.8%) validated=825 unresolved=993 rate=30.5/min eta=91146s
[progress] 1823/48143 (3.8%) validated=826 unresolved=997 rate=30.5/min eta=91148s
[progress] 1825/48143 (3.8%) validated=827 unresolved=998 rate=30.5/min eta=91138s
[progress] 1831/48143 (3.8%) validated=829 unresolved=1002 rate=30.5/min eta=91137s
[progress] 1837/48143 (3.8%) validated=831 unresolved=1006 rate=30.5/min eta=91119s
[progress] 1843/48143 (3.8%) validated=834 unresolved=1009 rate=30.5/min eta=91119s
[progress] 1849/48143 (3.8%) validated=835 unresolved=1014 rate=30.5/min eta=91106s
[progress] 1850/48143 (3.8%) validated=835 unresolved=1015 rate=30.5/min eta=91105s
[progress] 1855/48143 (3.9%) validated=838 unresolved=1017 rate=30.5/min eta=91107s
[progress] 1861/48143 (3.9%) validated=841 unresolved=1020 rate=30.5/min eta=91099s
[progress] 1866/48143 (3.9%) validated=842 unresolved=1024 rate=30.5/min eta=91130s
[progress] 1872/48143 (3.9%) validated=845 unresolved=1027 rate=30.5/min eta=91081s
[progress] 1875/48143 (3.9%) validated=845 unresolved=1030 rate=30.5/min eta=91075s
[progress] 1880/48143 (3.9%) validated=847 unresolved=1033 rate=30.5/min eta=91070s
[progress] 1886/48143 (3.9%) validated=849 unresolved=1037 rate=30.5/min eta=91062s
[progress] 1891/48143 (3.9%) validated=851 unresolved=1040 rate=30.5/min eta=91056s
[progress] 1896/48143 (3.9%) validated=852 unresolved=1044 rate=30.5/min eta=91050s
[progress] 1900/48143 (3.9%) validated=852 unresolved=1048 rate=30.5/min eta=91045s
[progress] 1905/48143 (4.0%) validated=856 unresolved=1049 rate=30.5/min eta=91061s
[progress] 1911/48143 (4.0%) validated=858 unresolved=1053 rate=30.5/min eta=91032s
[progress] 1917/48143 (4.0%) validated=861 unresolved=1056 rate=30.5/min eta=91024s
[progress] 1922/48143 (4.0%) validated=862 unresolved=1060 rate=30.5/min eta=91019s
[progress] 1925/48143 (4.0%) validated=864 unresolved=1061 rate=30.5/min eta=91016s
[progress] 1930/48143 (4.0%) validated=865 unresolved=1065 rate=30.5/min eta=91010s
[progress] 1936/48143 (4.0%) validated=867 unresolved=1069 rate=30.5/min eta=91001s
[progress] 1941/48143 (4.0%) validated=869 unresolved=1072 rate=30.5/min eta=91004s
[progress] 1947/48143 (4.0%) validated=871 unresolved=1076 rate=30.5/min eta=91010s
[progress] 1950/48143 (4.1%) validated=872 unresolved=1078 rate=30.5/min eta=90988s
[progress] 1955/48143 (4.1%) validated=875 unresolved=1080 rate=30.5/min eta=90990s
[progress] 1961/48143 (4.1%) validated=875 unresolved=1086 rate=30.5/min eta=90974s
[progress] 1966/48143 (4.1%) validated=876 unresolved=1090 rate=30.5/min eta=90977s
[progress] 1972/48143 (4.1%) validated=877 unresolved=1095 rate=30.5/min eta=90956s
[progress] 1975/48143 (4.1%) validated=878 unresolved=1097 rate=30.5/min eta=90965s
[progress] 1980/48143 (4.1%) validated=879 unresolved=1101 rate=30.4/min eta=90991s
[progress] 1986/48143 (4.1%) validated=882 unresolved=1104 rate=30.5/min eta=90944s
[progress] 1992/48143 (4.1%) validated=882 unresolved=1110 rate=30.4/min eta=90967s
[progress] 1998/48143 (4.2%) validated=884 unresolved=1114 rate=30.4/min eta=90980s
[progress] 2000/48143 (4.2%) validated=884 unresolved=1116 rate=30.4/min eta=90968s
[progress] 2006/48143 (4.2%) validated=888 unresolved=1118 rate=30.4/min eta=90918s
[progress] 2011/48143 (4.2%) validated=889 unresolved=1122 rate=30.4/min eta=90920s
[progress] 2017/48143 (4.2%) validated=890 unresolved=1127 rate=30.4/min eta=90902s
[progress] 2022/48143 (4.2%) validated=890 unresolved=1132 rate=30.4/min eta=90941s
[progress] 2025/48143 (4.2%) validated=892 unresolved=1133 rate=30.4/min eta=90906s
[progress] 2031/48143 (4.2%) validated=895 unresolved=1136 rate=30.4/min eta=90886s
[progress] 2036/48143 (4.2%) validated=895 unresolved=1141 rate=30.4/min eta=90924s
[progress] 2042/48143 (4.2%) validated=900 unresolved=1142 rate=30.4/min eta=90871s
[progress] 2047/48143 (4.3%) validated=903 unresolved=1144 rate=30.4/min eta=90904s
[progress] 2050/48143 (4.3%) validated=904 unresolved=1146 rate=30.4/min eta=90859s
[progress] 2055/48143 (4.3%) validated=907 unresolved=1148 rate=30.4/min eta=90908s
[progress] 2062/48143 (4.3%) validated=909 unresolved=1153 rate=30.4/min eta=90843s
[progress] 2068/48143 (4.3%) validated=910 unresolved=1158 rate=30.4/min eta=90835s
[progress] 2073/48143 (4.3%) validated=912 unresolved=1161 rate=30.4/min eta=90854s
[progress] 2075/48143 (4.3%) validated=912 unresolved=1163 rate=30.4/min eta=90826s
[progress] 2081/48143 (4.3%) validated=914 unresolved=1167 rate=30.4/min eta=90818s
[progress] 2086/48143 (4.3%) validated=915 unresolved=1171 rate=30.4/min eta=90811s
[progress] 2092/48143 (4.3%) validated=916 unresolved=1176 rate=30.4/min eta=90803s
[progress] 2097/48143 (4.4%) validated=918 unresolved=1179 rate=30.4/min eta=90812s
[progress] 2100/48143 (4.4%) validated=918 unresolved=1182 rate=30.4/min eta=90792s
[progress] 2106/48143 (4.4%) validated=919 unresolved=1187 rate=30.4/min eta=90784s
[progress] 2111/48143 (4.4%) validated=921 unresolved=1190 rate=30.4/min eta=90777s
[progress] 2116/48143 (4.4%) validated=924 unresolved=1192 rate=30.4/min eta=90821s
[progress] 2123/48143 (4.4%) validated=928 unresolved=1195 rate=30.4/min eta=90758s
[progress] 2125/48143 (4.4%) validated=929 unresolved=1196 rate=30.4/min eta=90758s
[progress] 2130/48143 (4.4%) validated=929 unresolved=1201 rate=30.4/min eta=90791s
[progress] 2137/48143 (4.4%) validated=931 unresolved=1206 rate=30.4/min eta=90741s
[progress] 2142/48143 (4.4%) validated=933 unresolved=1209 rate=30.4/min eta=90734s
[progress] 2147/48143 (4.5%) validated=934 unresolved=1213 rate=30.4/min eta=90728s
[progress] 2150/48143 (4.5%) validated=936 unresolved=1214 rate=30.4/min eta=90726s
[progress] 2155/48143 (4.5%) validated=938 unresolved=1217 rate=30.4/min eta=90747s
[progress] 2161/48143 (4.5%) validated=938 unresolved=1223 rate=30.4/min eta=90708s
[progress] 2166/48143 (4.5%) validated=941 unresolved=1225 rate=30.4/min eta=90712s
[progress] 2172/48143 (4.5%) validated=943 unresolved=1229 rate=30.4/min eta=90690s
[progress] 2175/48143 (4.5%) validated=943 unresolved=1232 rate=30.4/min eta=90731s
[progress] 2181/48143 (4.5%) validated=945 unresolved=1236 rate=30.4/min eta=90720s
[progress] 2187/48143 (4.5%) validated=946 unresolved=1241 rate=30.4/min eta=90686s
[progress] 2193/48143 (4.6%) validated=948 unresolved=1245 rate=30.4/min eta=90678s
[progress] 2199/48143 (4.6%) validated=949 unresolved=1250 rate=30.4/min eta=90655s
[progress] 2200/48143 (4.6%) validated=949 unresolved=1251 rate=30.4/min eta=90653s
[progress] 2205/48143 (4.6%) validated=952 unresolved=1253 rate=30.4/min eta=90652s
[progress] 2210/48143 (4.6%) validated=954 unresolved=1256 rate=30.4/min eta=90647s
[progress] 2216/48143 (4.6%) validated=954 unresolved=1262 rate=30.4/min eta=90630s
[progress] 2221/48143 (4.6%) validated=955 unresolved=1266 rate=30.4/min eta=90624s
[progress] 2225/48143 (4.6%) validated=957 unresolved=1268 rate=30.4/min eta=90662s
[progress] 2230/48143 (4.6%) validated=960 unresolved=1270 rate=30.4/min eta=90659s
[progress] 2237/48143 (4.6%) validated=963 unresolved=1274 rate=30.4/min eta=90603s
[progress] 2242/48143 (4.7%) validated=964 unresolved=1278 rate=30.4/min eta=90599s
[progress] 2248/48143 (4.7%) validated=966 unresolved=1282 rate=30.4/min eta=90592s
[progress] 2250/48143 (4.7%) validated=967 unresolved=1283 rate=30.4/min eta=90583s
[progress] 2255/48143 (4.7%) validated=969 unresolved=1286 rate=30.4/min eta=90583s
[progress] 2261/48143 (4.7%) validated=972 unresolved=1289 rate=30.4/min eta=90566s
[progress] 2267/48143 (4.7%) validated=974 unresolved=1293 rate=30.4/min eta=90558s
[progress] 2272/48143 (4.7%) validated=975 unresolved=1297 rate=30.4/min eta=90587s
[progress] 2275/48143 (4.7%) validated=977 unresolved=1298 rate=30.4/min eta=90532s
[progress] 2280/48143 (4.7%) validated=979 unresolved=1301 rate=30.4/min eta=90539s
[progress] 2285/48143 (4.7%) validated=982 unresolved=1303 rate=30.4/min eta=90533s
[progress] 2290/48143 (4.8%) validated=984 unresolved=1306 rate=30.4/min eta=90588s
[progress] 2296/48143 (4.8%) validated=984 unresolved=1312 rate=30.4/min eta=90545s
[progress] 2300/48143 (4.8%) validated=986 unresolved=1314 rate=30.4/min eta=90516s
[progress] 2306/48143 (4.8%) validated=988 unresolved=1318 rate=30.4/min eta=90501s
[progress] 2311/48143 (4.8%) validated=988 unresolved=1323 rate=30.4/min eta=90510s
[progress] 2317/48143 (4.8%) validated=991 unresolved=1326 rate=30.4/min eta=90493s
[progress] 2323/48143 (4.8%) validated=992 unresolved=1331 rate=30.4/min eta=90476s
[progress] 2325/48143 (4.8%) validated=993 unresolved=1332 rate=30.4/min eta=90473s
[progress] 2330/48143 (4.8%) validated=995 unresolved=1335 rate=30.4/min eta=90467s
[progress] 2336/48143 (4.9%) validated=995 unresolved=1341 rate=30.4/min eta=90456s
[progress] 2341/48143 (4.9%) validated=998 unresolved=1343 rate=30.4/min eta=90449s
[progress] 2347/48143 (4.9%) validated=999 unresolved=1348 rate=30.4/min eta=90495s
[progress] 2350/48143 (4.9%) validated=999 unresolved=1351 rate=30.4/min eta=90471s
[progress] 2356/48143 (4.9%) validated=999 unresolved=1357 rate=30.4/min eta=90427s
[progress] 2361/48143 (4.9%) validated=1000 unresolved=1361 rate=30.4/min eta=90427s
[progress] 2367/48143 (4.9%) validated=1004 unresolved=1363 rate=30.4/min eta=90411s
[progress] 2373/48143 (4.9%) validated=1006 unresolved=1367 rate=30.4/min eta=90401s
[progress] 2375/48143 (4.9%) validated=1006 unresolved=1369 rate=30.4/min eta=90398s
[progress] 2380/48143 (4.9%) validated=1006 unresolved=1374 rate=30.4/min eta=90391s
[progress] 2385/48143 (5.0%) validated=1008 unresolved=1377 rate=30.4/min eta=90395s
[progress] 2391/48143 (5.0%) validated=1008 unresolved=1383 rate=30.4/min eta=90371s
[progress] 2396/48143 (5.0%) validated=1008 unresolved=1388 rate=30.4/min eta=90368s
[progress] 2400/48143 (5.0%) validated=1010 unresolved=1390 rate=30.4/min eta=90415s
[progress] 2406/48143 (5.0%) validated=1012 unresolved=1394 rate=30.4/min eta=90383s
[progress] 2412/48143 (5.0%) validated=1013 unresolved=1399 rate=30.4/min eta=90343s
[progress] 2418/48143 (5.0%) validated=1014 unresolved=1404 rate=30.4/min eta=90334s
[progress] 2423/48143 (5.0%) validated=1015 unresolved=1408 rate=30.4/min eta=90334s
[progress] 2425/48143 (5.0%) validated=1015 unresolved=1410 rate=30.4/min eta=90323s
[progress] 2431/48143 (5.0%) validated=1016 unresolved=1415 rate=30.4/min eta=90315s
[progress] 2436/48143 (5.1%) validated=1018 unresolved=1418 rate=30.4/min eta=90308s
[progress] 2442/48143 (5.1%) validated=1019 unresolved=1423 rate=30.4/min eta=90297s
[progress] 2447/48143 (5.1%) validated=1021 unresolved=1426 rate=30.4/min eta=90290s
[progress] 2450/48143 (5.1%) validated=1023 unresolved=1427 rate=30.4/min eta=90288s
[progress] 2455/48143 (5.1%) validated=1026 unresolved=1429 rate=30.4/min eta=90280s
[progress] 2461/48143 (5.1%) validated=1029 unresolved=1432 rate=30.4/min eta=90268s
[progress] 2466/48143 (5.1%) validated=1030 unresolved=1436 rate=30.4/min eta=90261s
[progress] 2471/48143 (5.1%) validated=1031 unresolved=1440 rate=30.4/min eta=90266s
[progress] 2475/48143 (5.1%) validated=1033 unresolved=1442 rate=30.4/min eta=90247s
[progress] 2480/48143 (5.2%) validated=1035 unresolved=1445 rate=30.3/min eta=90277s
[progress] 2487/48143 (5.2%) validated=1036 unresolved=1451 rate=30.4/min eta=90228s
[progress] 2492/48143 (5.2%) validated=1036 unresolved=1456 rate=30.4/min eta=90221s
[progress] 2498/48143 (5.2%) validated=1037 unresolved=1461 rate=30.4/min eta=90211s
